
> web-dashboard@0.1.0 test
> vitest run fifo-calculator.test.ts --passWithNoTests


[1m[46m RUN [49m[22m [36mv4.0.18 [39m[90m/home/ubuntu/.claude-bot/services/zif-terminal/web-dashboard[39m

 [32m✓[39m src/lib/__tests__/fifo-calculator.test.ts [2m([22m[2m14 tests[22m[2m)[22m[32m 24[2mms[22m[39m

[2m Test Files [22m [1m[32m1 passed[39m[22m[90m (1)[39m
[2m      Tests [22m [1m[32m14 passed[39m[22m[90m (14)[39m
[2m   Start at [22m 09:04:13
[2m   Duration [22m 480ms[2m (transform 127ms, setup 0ms, import 156ms, tests 24ms, environment 0ms)[22m

